BL51 BANKED LINKER/LOCATER V6.22.4.0                                                    05/22/2023  02:36:21  PAGE 1


BL51 BANKED LINKER/LOCATER V6.22.4.0, INVOKED BY:
C:\KEIL_V5\C51\BIN\BL51.EXE .\Objects\STARTUP.obj, .\Objects\KEY_LCD.obj TO .\Objects\final_test PRINT (.\Listings\final
>> _test.m51) RAMSIZE (256)


INPUT MODULES INCLUDED:
  .\Objects\STARTUP.obj (?C_STARTUP)
  .\Objects\KEY_LCD.obj (KEY_LCD)


LINK MAP OF MODULE:  .\Objects\final_test (?C_STARTUP)


            TYPE    BASE      LENGTH    RELOCATION   SEGMENT NAME
            -----------------------------------------------------

            * * * * * * *   D A T A   M E M O R Y   * * * * * * *
            REG     0000H     0008H     ABSOLUTE     "REG BANK 0"
            IDATA   0008H     0001H     UNIT         ?STACK

            * * * * * * *   C O D E   M E M O R Y   * * * * * * *
            CODE    0000H     0003H     ABSOLUTE     
* OVERLAP * CODE    0000H     0180H     ABSOLUTE     
                    0180H     0680H                  *** GAP ***
            CODE    0800H     000CH     UNIT         ?C_C51STARTUP



UNRESOLVED EXTERNAL SYMBOLS:
   ?C_START



SYMBOL TABLE OF MODULE:  .\Objects\final_test (?C_STARTUP)

  VALUE           TYPE          NAME
  ----------------------------------

  -------         MODULE        ?C_STARTUP
  C:0800H         SEGMENT       ?C_C51STARTUP
  I:0008H         SEGMENT       ?STACK
  C:0000H         PUBLIC        ?C_STARTUP
  D:00E0H         SYMBOL        ACC
  D:00F0H         SYMBOL        B
  D:0083H         SYMBOL        DPH
  D:0082H         SYMBOL        DPL
  N:0000H         SYMBOL        IBPSTACK
  N:0100H         SYMBOL        IBPSTACKTOP
  N:0080H         SYMBOL        IDATALEN
  C:0803H         SYMBOL        IDATALOOP
  N:0000H         SYMBOL        PBPSTACK
  N:0100H         SYMBOL        PBPSTACKTOP
  N:0000H         SYMBOL        PDATALEN
  N:0000H         SYMBOL        PDATASTART
  N:0000H         SYMBOL        PPAGE
  N:0000H         SYMBOL        PPAGEENABLE
  D:00A0H         SYMBOL        PPAGE_SFR
  D:0081H         SYMBOL        SP
BL51 BANKED LINKER/LOCATER V6.22.4.0                                                  05/22/2023  02:36:21  PAGE 2


  C:0800H         SYMBOL        STARTUP1
  N:0000H         SYMBOL        XBPSTACK
  N:0000H         SYMBOL        XBPSTACKTOP
  N:0000H         SYMBOL        XDATALEN
  N:0000H         SYMBOL        XDATASTART
  C:0000H         LINE#         126
  C:0800H         LINE#         133
  C:0802H         LINE#         134
  C:0803H         LINE#         135
  C:0804H         LINE#         136
  C:0806H         LINE#         185
  C:0809H         LINE#         196
  -------         ENDMOD        ?C_STARTUP

  -------         MODULE        KEY_LCD
  C:00F9H         SYMBOL        AGAIN
  C:0152H         SYMBOL        AVEAGE
  D:00F0H         SYMBOL        B
  C:0078H         SYMBOL        C1
  C:00B8H         SYMBOL        C10
  C:00BEH         SYMBOL        C11
  C:00C4H         SYMBOL        C12
  C:00CAH         SYMBOL        C13
  C:00D3H         SYMBOL        C14
  C:00D9H         SYMBOL        C15
  C:00DFH         SYMBOL        C16
  C:0080H         SYMBOL        C2
  C:0086H         SYMBOL        C3
  C:008CH         SYMBOL        C4
  C:0092H         SYMBOL        C5
  C:009CH         SYMBOL        C6
  C:00A2H         SYMBOL        C7
  C:00A8H         SYMBOL        C8
  C:00AEH         SYMBOL        C9
  C:00E8H         SYMBOL        CLEAR
  C:0104H         SYMBOL        DISP1
  C:0017H         SYMBOL        ENTRY
  C:0039H         SYMBOL        EVALUATE_AVG
  C:0103H         SYMBOL        FINISH
  C:0140H         SYMBOL        G1
  C:0142H         SYMBOL        G2
  C:014BH         SYMBOL        H1
  C:014DH         SYMBOL        H2
  C:0057H         SYMBOL        KEYPAD
  C:011DH         SYMBOL        LCD_CMD
  C:012AH         SYMBOL        LCD_DATA
  C:0108H         SYMBOL        LCD_INT
  C:013EH         SYMBOL        LDELAY
  C:0170H         SYMBOL        LOOK_UP_TABLE
  C:001EH         SYMBOL        LOOP
  C:00F9H         SYMBOL        MESSAGE
  C:00E5H         SYMBOL        NEXT
  C:0057H         SYMBOL        N_1
  C:005FH         SYMBOL        N_2
  C:0069H         SYMBOL        N_3
  C:0075H         SYMBOL        N_4
  D:0090H         SYMBOL        P1
BL51 BANKED LINKER/LOCATER V6.22.4.0                                                  05/22/2023  02:36:21  PAGE 3


  D:00A0H         SYMBOL        P2
  D:00B0H         SYMBOL        P3
  C:0046H         SYMBOL        PRINT_DECIMAL_POINT
  C:0041H         SYMBOL        PRINT_INTEGER
  C:0149H         SYMBOL        SDELAY
  C:0032H         SYMBOL        SKIP
  C:002EH         SYMBOL        STILL
  C:0139H         SYMBOL        WAIT2
  C:0137H         SYMBOL        WAITING
  C:015FH         SYMBOL        WELCOME
  C:0000H         LINE#         2
  C:0003H         LINE#         3
  C:0005H         LINE#         5
  C:0008H         LINE#         6
  C:000AH         LINE#         7
  C:000CH         LINE#         8
  C:000EH         LINE#         9
  C:0011H         LINE#         10
  C:0013H         LINE#         11
  C:0015H         LINE#         12
  C:0017H         LINE#         15
  C:0019H         LINE#         16
  C:001BH         LINE#         17
  C:001DH         LINE#         18
  C:001EH         LINE#         21
  C:0020H         LINE#         22
  C:0023H         LINE#         23
  C:0025H         LINE#         24
  C:0028H         LINE#         25
  C:002AH         LINE#         26
  C:002CH         LINE#         27
  C:002EH         LINE#         28
  C:0030H         LINE#         29
  C:0032H         LINE#         31
  C:0033H         LINE#         32
  C:0035H         LINE#         33
  C:0036H         LINE#         34
  C:0037H         LINE#         36
  C:0039H         LINE#         39
  C:003AH         LINE#         40
  C:003BH         LINE#         41
  C:003DH         LINE#         42
  C:003EH         LINE#         43
  C:0040H         LINE#         44
  C:0041H         LINE#         47
  C:0043H         LINE#         48
  C:0045H         LINE#         50
  C:0046H         LINE#         52
  C:0048H         LINE#         53
  C:004AH         LINE#         54
  C:004CH         LINE#         55
  C:004EH         LINE#         56
  C:004FH         LINE#         57
  C:0051H         LINE#         58
  C:0052H         LINE#         59
  C:0054H         LINE#         60
  C:0056H         LINE#         62
BL51 BANKED LINKER/LOCATER V6.22.4.0                                                  05/22/2023  02:36:21  PAGE 4


  C:0057H         LINE#         67
  C:005AH         LINE#         68
  C:005CH         LINE#         69
  C:005FH         LINE#         71
  C:0062H         LINE#         72
  C:0064H         LINE#         73
  C:0067H         LINE#         74
  C:0069H         LINE#         75
  C:006BH         LINE#         76
  C:006EH         LINE#         77
  C:0070H         LINE#         78
  C:0073H         LINE#         79
  C:0075H         LINE#         81
  C:0078H         LINE#         82
  C:007AH         LINE#         83
  C:007DH         LINE#         84
  C:007FH         LINE#         85
  C:0080H         LINE#         86
  C:0083H         LINE#         87
  C:0085H         LINE#         88
  C:0086H         LINE#         89
  C:0089H         LINE#         90
  C:008BH         LINE#         91
  C:008CH         LINE#         92
  C:008FH         LINE#         93
  C:0091H         LINE#         94
  C:0092H         LINE#         95
  C:0094H         LINE#         96
  C:0096H         LINE#         97
  C:0099H         LINE#         98
  C:009BH         LINE#         99
  C:009CH         LINE#         100
  C:009FH         LINE#         101
  C:00A1H         LINE#         102
  C:00A2H         LINE#         103
  C:00A5H         LINE#         104
  C:00A7H         LINE#         105
  C:00A8H         LINE#         106
  C:00ABH         LINE#         107
  C:00ADH         LINE#         108
  C:00AEH         LINE#         109
  C:00B0H         LINE#         110
  C:00B2H         LINE#         111
  C:00B5H         LINE#         112
  C:00B7H         LINE#         113
  C:00B8H         LINE#         114
  C:00BBH         LINE#         115
  C:00BDH         LINE#         116
  C:00BEH         LINE#         117
  C:00C1H         LINE#         118
  C:00C3H         LINE#         119
  C:00C4H         LINE#         120
  C:00C7H         LINE#         121
  C:00C9H         LINE#         122
  C:00CAH         LINE#         123
  C:00CCH         LINE#         124
  C:00CEH         LINE#         125
BL51 BANKED LINKER/LOCATER V6.22.4.0                                                  05/22/2023  02:36:21  PAGE 5


  C:00D1H         LINE#         128
  C:00D3H         LINE#         129
  C:00D6H         LINE#         130
  C:00D8H         LINE#         131
  C:00D9H         LINE#         132
  C:00DCH         LINE#         133
  C:00DEH         LINE#         134
  C:00DFH         LINE#         135
  C:00E2H         LINE#         136
  C:00E4H         LINE#         137
  C:00E5H         LINE#         138
  C:00E8H         LINE#         141
  C:00EAH         LINE#         142
  C:00ECH         LINE#         143
  C:00EEH         LINE#         144
  C:00F0H         LINE#         145
  C:00F2H         LINE#         146
  C:00F4H         LINE#         147
  C:00F6H         LINE#         148
  C:00F8H         LINE#         149
  C:00F9H         LINE#         153
  C:00FBH         LINE#         154
  C:00FCH         LINE#         155
  C:00FEH         LINE#         156
  C:0100H         LINE#         157
  C:0101H         LINE#         158
  C:0103H         LINE#         159
  C:0104H         LINE#         162
  C:0105H         LINE#         163
  C:0107H         LINE#         164
  C:0108H         LINE#         167
  C:010AH         LINE#         168
  C:010CH         LINE#         169
  C:010EH         LINE#         170
  C:0110H         LINE#         171
  C:0112H         LINE#         172
  C:0114H         LINE#         173
  C:0116H         LINE#         174
  C:0118H         LINE#         175
  C:011AH         LINE#         176
  C:011CH         LINE#         177
  C:011DH         LINE#         180
  C:011FH         LINE#         181
  C:0121H         LINE#         182
  C:0123H         LINE#         183
  C:0125H         LINE#         184
  C:0127H         LINE#         185
  C:0129H         LINE#         186
  C:012AH         LINE#         189
  C:012CH         LINE#         190
  C:012EH         LINE#         191
  C:0130H         LINE#         192
  C:0132H         LINE#         193
  C:0134H         LINE#         194
  C:0136H         LINE#         195
  C:0137H         LINE#         198
  C:0139H         LINE#         199
BL51 BANKED LINKER/LOCATER V6.22.4.0                                                  05/22/2023  02:36:21  PAGE 6


  C:013BH         LINE#         200
  C:013DH         LINE#         201
  C:013EH         LINE#         204
  C:0140H         LINE#         205
  C:0142H         LINE#         206
  C:0143H         LINE#         207
  C:0144H         LINE#         208
  C:0146H         LINE#         209
  C:0148H         LINE#         210
  C:0149H         LINE#         213
  C:014BH         LINE#         214
  C:014DH         LINE#         215
  C:014FH         LINE#         216
  C:0151H         LINE#         217
  -------         ENDMOD        KEY_LCD

*** WARNING L5: CODE SPACE MEMORY OVERLAP
    FROM:    0000H
    TO:      0002H

*** WARNING L1: UNRESOLVED EXTERNAL SYMBOL
    SYMBOL:  ?C_START
    MODULE:  .\Objects\STARTUP.obj (?C_STARTUP)

*** WARNING L2: REFERENCE MADE TO UNRESOLVED EXTERNAL
    SYMBOL:  ?C_START
    MODULE:  .\Objects\STARTUP.obj (?C_STARTUP)
    ADDRESS: 080AH

******************************************************************************
* RESTRICTED VERSION WITH 0800H BYTE CODE SIZE LIMIT; USED: 018FH BYTE (19%) *
******************************************************************************

Program Size: data=9.0 xdata=0 code=399
LINK/LOCATE RUN COMPLETE.  3 WARNING(S),  0 ERROR(S)
